"Q31"
"Q8"
"Q23"
"Q24"
"Q42"
"Q1868"
"Q2013"
"Q45"
"Q51"
"Q58"
"Q68"
"Q75"
"Q102"
"Q103"
"Q125"
"Q140"
"Q144"
"Q147"
"Q148"
"Q155"
"Q163"
"Q177"
"Q178"
"Q183"
"Q207"
"Q210"
"Q233"
"Q278"
"Q288"
"Q297"
"Q298"
"Q317"
"Q328"
"Q362"
"Q368"
"Q398"
"Q411"
"Q412"
"Q431"
"Q433"
"Q443"
"Q447"
"Q463"
"Q497"
"Q501"
"Q506"
"Q511"
"Q514"
"Q524"
"Q544"
"Q550"
"Q556"
"Q585"
"Q586"
"Q587"
"Q595"
"Q597"
"Q616"
"Q619"
"Q633"
"Q634"
"Q640"
"Q643"
"Q647"
"Q648"
"Q659"
"Q661"
"Q676"
"Q686"
"Q688"
"Q694"
"Q716"
"Q722"
"Q732"
"Q746"
"Q747"
"Q749"
"Q764"
"Q771"
"Q801"
"Q807"
"Q815"
"Q819"
"Q844"
"Q853"
"Q859"
"Q863"
"Q869"
"Q873"
"Q878"
"Q880"
"Q883"
"Q891"
"Q898"
"Q899"
"Q901"
"Q903"
"Q907"
"Q912"
"Q916"
